// Jest Snapshot v1, https://goo.gl/fbAQLP

exports[`compileStylesheets minimizes in production 1`] = `
"
      @font-face {
        font-family: 'mock-style';
        src: url('https://www.mapbox.com/assets/mock-style.woff') format('woff2');
      }
      .mock-style { color: brown; }
    
@font-face{font-family:'a';src:url(/mock/base/path/assets/a_994d9585.woff2) format('woff2')}.a{color:pink}
.b{color:orange}
@font-face{font-family:'c';src:url(/mock/base/path/assets/c_675d172a.woff2) format('woff2')}.c{color:purple}
@font-face{font-family:'e';src:url(/mock/base/path/assets/e_24153b0b.woff2) format('woff2')}.e{color:gray}/*# sourceMappingURL=batfish-styles-8ca264391785d90b2c9c63b3c7833092.css.map */"
`;

exports[`compileStylesheets writes expected CSS file 1`] = `
"
      @font-face {
        font-family: 'mock-style';
        src: url('https://www.mapbox.com/assets/mock-style.woff') format('woff2');
      }
      .mock-style { color: brown; }
    
@font-face {
  font-family: 'a';
  src: url('/mock/base/path/assets/a_994d9585.woff2') format('woff2');
}

.a { color: pink; }

.b { color: orange; }

@font-face {
  font-family: 'c';
  src: url('/mock/base/path/assets/c_675d172a.woff2') format('woff2');
}

.c { color: purple; }

@font-face {
  font-family: 'e';
  src: url('/mock/base/path/assets/e_24153b0b.woff2') format('woff2');
}

.e { color: grey; }
/*# sourceMappingURL=batfish-styles.css.map */"
`;
