// Jest Snapshot v1, https://goo.gl/fbAQLP

exports[`postcssAbsoluteUrls do not add absolute url to \`mask\` 1`] = `
"
    a.mapboxgl-ctrl-logo {
      width: 88px;
      height: 23px;
      margin: 0 0 -4px -4px;
      display: block;
      background-repeat: no-repeat;
      cursor: pointer;
      overflow: hidden;
      background-image: url(\\"data:image/svg+xml;charset=utf-8,%3Csvg mask='url(%23clip)'\\");
    }    
    "
`;

exports[`postcssAbsoluteUrls works 1`] = `
"
      @font-face {
        font-family: \\"Open Sans\\";
        src: url(\\"https://www.fake-place.com/path/fonts/OpenSans-Regular-webfont.woff2\\") format(\\"woff2\\"),
              url(\\"https://www.fake-place.com/fonts/OpenSans-Regular-webfont.woff\\") format(\\"woff\\");
      }
      body {
        background: url('data:blergh');
      }
    "
`;
