// Jest Snapshot v1, https://goo.gl/fbAQLP

exports[`Router instance.changePage invokes change-start and change-end callbacks 1`] = `
<StartingComponent
  location={
    Object {
      "hash": "",
      "pathname": "/magic/",
      "search": "",
    }
  }
/>
`;

exports[`Router renders the initial page 1`] = `
<StartingComponent
  location={
    Object {
      "hash": "",
      "pathname": "/magic/",
      "search": "",
    }
  }
/>
`;
